--- ENV.CORS_ORIGIN --- [ 'http://localhost:3000', 'http://localhost:5173' ]
Server is running on port 3001 in development mode
[DEV OTP] Generated OTP for 9999999999: 922186
[MOCK SMS] OTP 922186 sent to 9999999999
[Error]: { statusCode: 400, message: 'Invalid OTP' }
[DEV OTP] Generated OTP for 9999999999: 235485
[MOCK SMS] OTP 235485 sent to 9999999999
[Error]: { statusCode: 400, message: 'Invalid OTP' }
[DEV OTP] Generated OTP for 9999999999: 717003
[MOCK SMS] OTP 717003 sent to 9999999999
[DEV OTP] Generated OTP for 9876543210: 900674
[MOCK SMS] OTP 900674 sent to 9876543210
[Error]: { statusCode: 400, message: 'Invalid OTP' }
[DEV OTP] Generated OTP for 9999999999: 815877
[MOCK SMS] OTP 815877 sent to 9999999999
[Error]: { statusCode: 400, message: 'Invalid OTP' }
[DEV OTP] Generated OTP for 9999999999: 993047
[MOCK SMS] OTP 993047 sent to 9999999999
[Error]: { statusCode: 400, message: 'Invalid OTP' }
[Error]: { statusCode: 400, message: 'Invalid OTP' }
[DEV OTP] Generated OTP for 9999999999: 511804
[MOCK SMS] OTP 511804 sent to 9999999999
[Error]: { statusCode: 400, message: 'Invalid OTP' }
[DEV OTP] Generated OTP for 9999999999: 823860
[MOCK SMS] OTP 823860 sent to 9999999999
[Error]: { statusCode: 400, message: 'Invalid OTP' }
[DEV OTP] Generated OTP for 9999999999: 665170
[MOCK SMS] OTP 665170 sent to 9999999999
[Error]: { statusCode: 400, message: 'Invalid OTP' }
[DEV OTP] Generated OTP for 9999999999: 443230
[MOCK SMS] OTP 443230 sent to 9999999999
[Error]: { statusCode: 400, message: 'Invalid OTP' }
--- ENV.CORS_ORIGIN --- [ 'http://localhost:3000', 'http://localhost:5173' ]
node:events:486
      throw er; // Unhandled 'error' event
      ^

Error: listen EADDRINUSE: address already in use :::3001
    at Server.setupListenHandle [as _listen2] (node:net:1940:16)
    at listenInCluster (node:net:1997:12)
    at Server.listen (node:net:2102:7)
    at app.listen (/Users/ayushtomar/Downloads/WePrintIt.in/node_modules/express/lib/application.js:635:24)
    at <anonymous> (/Users/ayushtomar/Downloads/WePrintIt.in/apps/api/src/index.ts:35:5)
    at ModuleJob.run (node:internal/modules/esm/module_job:377:25)
    at async onImport.tracePromise.__proto__ (node:internal/modules/esm/loader:671:26)
    at async asyncRunEntryPointWithESMLoader (node:internal/modules/run_main:101:5)
Emitted 'error' event on Server instance at:
    at emitErrorNT (node:net:1976:8)
    at process.processTicksAndRejections (node:internal/process/task_queues:89:21) {
  code: 'EADDRINUSE',
  errno: -48,
  syscall: 'listen',
  address: '::',
  port: 3001
}

Node.js v24.11.1
